Command line invocation:
    /Applications/Xcode.app/Contents/Developer/usr/bin/xcodebuild -project MojeZegarki.xcodeproj -scheme MojeZegarki -destination "platform=iOS Simulator,id=10C18B34-55BD-45C9-8308-6181BFAAF040" -derivedDataPath .build/Implementation -parallel-testing-enabled NO "-only-testing:MojeZegarkiUITests/FreeModuleUITests/testCalendarAppearanceAndLocalizationMatrix" "-only-testing:MojeZegarkiUITests/FreeModuleUITests/testCalendarShowsSavedDaysAndCountsOnlyNewSelection" -resultBundlePath .build/final-calendar-12.xcresult CODE_SIGNING_ALLOWED=NO test-without-building

Build settings from command line:
    CODE_SIGNING_ALLOWED = NO

Writing result bundle at path:
	/Users/jakubbatycki/KOD/MojeZegarki/.build/final-calendar-12.xcresult

2026-10-03 11:59:23.371309+0200 MojeZegarkiUITests-Runner[48413:833769] [Default] Running tests...
Test Suite 'Selected tests' started at 2026-10-03 11:59:23.692.
Test Suite 'MojeZegarkiUITests.xctest' started at 2026-10-03 11:59:23.693.
Test Suite 'FreeModuleUITests' started at 2026-10-03 11:59:23.693.
Test Case '-[MojeZegarkiUITests.FreeModuleUITests testCalendarAppearanceAndLocalizationMatrix]' started.
    t =     0.00s Start Test at 2026-10-03 11:59:23.695
    t =     0.10s Set Up
    t =     0.10s Open pl.jakubbatycki.MojeZegarki
    t =     0.11s     Launch pl.jakubbatycki.MojeZegarki
2026-10-03 11:59:24.397 xcodebuild[48377:832872] [MT] IDELaunchParametersSnapshot: debugger version lookup failed for path '<nil>': noURL
2026-10-03 11:59:24.442 xcodebuild[48377:832872] [MT] IDELaunchParametersSnapshot: no debugger version
    t =     1.60s         Setting up automation session
    t =     2.20s         Wait for pl.jakubbatycki.MojeZegarki to idle
    t =     3.51s Waiting 15.0s for "collection.add" Button to exist
    t =     4.54s     Checking `Expect predicate `existsNoRetry == 1` for object "collection.add" Button`
    t =     4.54s         Checking existence of `"collection.add" Button`
    t =     4.70s Tap "Wearing" Button
    t =     4.70s     Wait for pl.jakubbatycki.MojeZegarki to idle
    t =     4.70s     Find the "Wearing" Button
    t =     4.74s     Check for interrupting elements affecting "Wearing" Button
    t =     4.79s     Synthesize event
    t =     5.12s     Wait for pl.jakubbatycki.MojeZegarki to idle
    t =     5.13s Waiting 5.0s for "wear.filter" Button to exist
    t =     6.17s     Checking `Expect predicate `existsNoRetry == 1` for object "wear.filter" Button`
    t =     6.17s         Checking existence of `"wear.filter" Button`
    t =     6.28s Find the "wear.add" Button
    t =     6.33s Find the Target Application 'pl.jakubbatycki.MojeZegarki'
    t =     6.43s Added attachment named 'history-en-darkfalse-largefalse'
    t =     6.43s Tap "wear.add" Button
    t =     6.43s     Wait for pl.jakubbatycki.MojeZegarki to idle
    t =     6.43s     Find the "wear.add" Button
    t =     6.50s     Check for interrupting elements affecting "wear.add" Button
    t =     6.53s     Synthesize event
    t =     6.83s     Wait for pl.jakubbatycki.MojeZegarki to idle
    t =     7.32s Waiting 5.0s for "wear.save" Button to exist
    t =     8.36s     Checking `Expect predicate `existsNoRetry == 1` for object "wear.save" Button`
    t =     8.36s         Checking existence of `"wear.save" Button`
    t =     8.46s Find the "wear.save" Button
    t =     8.67s Find the Target Application 'pl.jakubbatycki.MojeZegarki'
    t =     8.83s Added attachment named 'editor-en-darkfalse-largefalse'
    t =     8.83s Terminate pl.jakubbatycki.MojeZegarki:48446
    t =     9.87s Open pl.jakubbatycki.MojeZegarki
    t =     9.87s     Launch pl.jakubbatycki.MojeZegarki
2026-10-03 11:59:33.575 xcodebuild[48377:832872] [MT] IDELaunchParametersSnapshot: debugger version lookup failed for path '<nil>': noURL
2026-10-03 11:59:33.575 xcodebuild[48377:832872] [MT] IDELaunchParametersSnapshot: no debugger version
    t =    10.36s         Setting up automation session
    t =    11.34s         Wait for pl.jakubbatycki.MojeZegarki to idle
    t =    12.47s Waiting 15.0s for "collection.add" Button to exist
    t =    13.51s     Checking `Expect predicate `existsNoRetry == 1` for object "collection.add" Button`
    t =    13.51s         Checking existence of `"collection.add" Button`
    t =    13.76s Tap "Wearing" Button
    t =    13.76s     Wait for pl.jakubbatycki.MojeZegarki to idle
    t =    13.77s     Find the "Wearing" Button
    t =    13.89s     Check for interrupting elements affecting "Wearing" Button
    t =    13.97s     Synthesize event
    t =    14.31s     Wait for pl.jakubbatycki.MojeZegarki to idle
    t =    14.31s Waiting 5.0s for "wear.filter" Button to exist
    t =    15.35s     Checking `Expect predicate `existsNoRetry == 1` for object "wear.filter" Button`
    t =    15.35s         Checking existence of `"wear.filter" Button`
    t =    15.45s Find the "wear.add" Button
    t =    15.57s Find the Target Application 'pl.jakubbatycki.MojeZegarki'
    t =    15.67s Added attachment named 'history-en-darkfalse-largetrue'
    t =    15.67s Tap "wear.add" Button
    t =    15.67s     Wait for pl.jakubbatycki.MojeZegarki to idle
    t =    15.68s     Find the "wear.add" Button
    t =    15.71s     Check for interrupting elements affecting "wear.add" Button
    t =    15.75s     Synthesize event
    t =    16.04s     Wait for pl.jakubbatycki.MojeZegarki to idle
    t =    16.53s Waiting 5.0s for "wear.save" Button to exist
    t =    17.57s     Checking `Expect predicate `existsNoRetry == 1` for object "wear.save" Button`
    t =    17.57s         Checking existence of `"wear.save" Button`
    t =    17.69s Find the "wear.save" Button
    t =    17.75s Find the Target Application 'pl.jakubbatycki.MojeZegarki'
    t =    17.84s Added attachment named 'editor-en-darkfalse-largetrue'
    t =    17.84s Terminate pl.jakubbatycki.MojeZegarki:48931
    t =    18.90s Open pl.jakubbatycki.MojeZegarki
    t =    18.90s     Launch pl.jakubbatycki.MojeZegarki
2026-10-03 11:59:42.610 xcodebuild[48377:832872] [MT] IDELaunchParametersSnapshot: debugger version lookup failed for path '<nil>': noURL
2026-10-03 11:59:42.610 xcodebuild[48377:832872] [MT] IDELaunchParametersSnapshot: no debugger version
    t =    19.13s         Setting up automation session
    t =    19.62s         Wait for pl.jakubbatycki.MojeZegarki to idle
    t =    20.73s Waiting 15.0s for "collection.add" Button to exist
    t =    21.77s     Checking `Expect predicate `existsNoRetry == 1` for object "collection.add" Button`
    t =    21.77s         Checking existence of `"collection.add" Button`
    t =    21.87s Tap "Wearing" Button
    t =    21.87s     Wait for pl.jakubbatycki.MojeZegarki to idle
    t =    21.87s     Find the "Wearing" Button
    t =    21.91s     Check for interrupting elements affecting "Wearing" Button
    t =    21.94s     Synthesize event
    t =    22.23s     Wait for pl.jakubbatycki.MojeZegarki to idle
    t =    22.24s Waiting 5.0s for "wear.filter" Button to exist
    t =    23.28s     Checking `Expect predicate `existsNoRetry == 1` for object "wear.filter" Button`
    t =    23.28s         Checking existence of `"wear.filter" Button`
    t =    23.34s Find the "wear.add" Button
    t =    23.40s Find the Target Application 'pl.jakubbatycki.MojeZegarki'
    t =    23.48s Added attachment named 'history-en-darktrue-largefalse'
    t =    23.48s Tap "wear.add" Button
    t =    23.48s     Wait for pl.jakubbatycki.MojeZegarki to idle
    t =    23.48s     Find the "wear.add" Button
    t =    23.54s     Check for interrupting elements affecting "wear.add" Button
    t =    23.60s     Synthesize event
    t =    23.91s     Wait for pl.jakubbatycki.MojeZegarki to idle
    t =    24.39s Waiting 5.0s for "wear.save" Button to exist
    t =    25.43s     Checking `Expect predicate `existsNoRetry == 1` for object "wear.save" Button`
    t =    25.43s         Checking existence of `"wear.save" Button`
    t =    25.55s Find the "wear.save" Button
    t =    25.60s Find the Target Application 'pl.jakubbatycki.MojeZegarki'
    t =    25.69s Added attachment named 'editor-en-darktrue-largefalse'
    t =    25.69s Terminate pl.jakubbatycki.MojeZegarki:48974
    t =    26.75s Open pl.jakubbatycki.MojeZegarki
    t =    26.75s     Launch pl.jakubbatycki.MojeZegarki
2026-10-03 11:59:50.448 xcodebuild[48377:832872] [MT] IDELaunchParametersSnapshot: debugger version lookup failed for path '<nil>': noURL
2026-10-03 11:59:50.448 xcodebuild[48377:832872] [MT] IDELaunchParametersSnapshot: no debugger version
    t =    26.96s         Setting up automation session
    t =    27.28s         Wait for pl.jakubbatycki.MojeZegarki to idle
    t =    28.38s Waiting 15.0s for "collection.add" Button to exist
    t =    29.42s     Checking `Expect predicate `existsNoRetry == 1` for object "collection.add" Button`
    t =    29.42s         Checking existence of `"collection.add" Button`
    t =    29.51s Tap "Wearing" Button
    t =    29.51s     Wait for pl.jakubbatycki.MojeZegarki to idle
    t =    29.51s     Find the "Wearing" Button
    t =    29.55s     Check for interrupting elements affecting "Wearing" Button
    t =    29.58s     Synthesize event
    t =    29.88s     Wait for pl.jakubbatycki.MojeZegarki to idle
    t =    29.88s Waiting 5.0s for "wear.filter" Button to exist
    t =    30.91s     Checking `Expect predicate `existsNoRetry == 1` for object "wear.filter" Button`
    t =    30.91s         Checking existence of `"wear.filter" Button`
    t =    31.07s Find the "wear.add" Button
    t =    31.11s Find the Target Application 'pl.jakubbatycki.MojeZegarki'
    t =    31.19s Added attachment named 'history-en-darktrue-largetrue'
    t =    31.19s Tap "wear.add" Button
    t =    31.19s     Wait for pl.jakubbatycki.MojeZegarki to idle
    t =    31.19s     Find the "wear.add" Button
    t =    31.22s     Check for interrupting elements affecting "wear.add" Button
    t =    31.27s     Synthesize event
    t =    31.57s     Wait for pl.jakubbatycki.MojeZegarki to idle
    t =    32.07s Waiting 5.0s for "wear.save" Button to exist
    t =    33.10s     Checking `Expect predicate `existsNoRetry == 1` for object "wear.save" Button`
    t =    33.10s         Checking existence of `"wear.save" Button`
    t =    33.20s Find the "wear.save" Button
    t =    33.28s Find the Target Application 'pl.jakubbatycki.MojeZegarki'
    t =    33.35s Added attachment named 'editor-en-darktrue-largetrue'
    t =    33.35s Terminate pl.jakubbatycki.MojeZegarki:49020
    t =    34.42s Open pl.jakubbatycki.MojeZegarki
    t =    34.42s     Launch pl.jakubbatycki.MojeZegarki
2026-10-03 11:59:58.151 xcodebuild[48377:832872] [MT] IDELaunchParametersSnapshot: debugger version lookup failed for path '<nil>': noURL
2026-10-03 11:59:58.151 xcodebuild[48377:832872] [MT] IDELaunchParametersSnapshot: no debugger version
    t =    34.68s         Setting up automation session
    t =    35.03s         Wait for pl.jakubbatycki.MojeZegarki to idle
    t =    36.14s Waiting 15.0s for "collection.add" Button to exist
    t =    37.15s     Checking `Expect predicate `existsNoRetry == 1` for object "collection.add" Button`
    t =    37.16s         Checking existence of `"collection.add" Button`
    t =    37.26s Tap "Noszenie" Button
    t =    37.26s     Wait for pl.jakubbatycki.MojeZegarki to idle
    t =    37.26s     Find the "Noszenie" Button
    t =    37.29s     Check for interrupting elements affecting "Noszenie" Button
    t =    37.32s     Synthesize event
    t =    37.61s     Wait for pl.jakubbatycki.MojeZegarki to idle
    t =    37.62s Waiting 5.0s for "wear.filter" Button to exist
    t =    38.65s     Checking `Expect predicate `existsNoRetry == 1` for object "wear.filter" Button`
    t =    38.65s         Checking existence of `"wear.filter" Button`
    t =    38.71s Find the "wear.add" Button
    t =    38.75s Find the Target Application 'pl.jakubbatycki.MojeZegarki'
    t =    38.82s Added attachment named 'history-pl-darkfalse-largefalse'
    t =    38.82s Tap "wear.add" Button
    t =    38.82s     Wait for pl.jakubbatycki.MojeZegarki to idle
    t =    38.82s     Find the "wear.add" Button
    t =    38.86s     Check for interrupting elements affecting "wear.add" Button
    t =    38.89s     Synthesize event
    t =    39.19s     Wait for pl.jakubbatycki.MojeZegarki to idle
    t =    39.67s Waiting 5.0s for "wear.save" Button to exist
    t =    40.71s     Checking `Expect predicate `existsNoRetry == 1` for object "wear.save" Button`
    t =    40.71s         Checking existence of `"wear.save" Button`
    t =    41.12s Find the "wear.save" Button
    t =    41.38s Find the Target Application 'pl.jakubbatycki.MojeZegarki'
    t =    41.52s Added attachment named 'editor-pl-darkfalse-largefalse'
    t =    41.52s Terminate pl.jakubbatycki.MojeZegarki:49361
    t =    42.56s Open pl.jakubbatycki.MojeZegarki
2026-10-03 12:00:06.258 xcodebuild[48377:832872] [MT] IDELaunchParametersSnapshot: debugger version lookup failed for path '<nil>': noURL
2026-10-03 12:00:06.258 xcodebuild[48377:832872] [MT] IDELaunchParametersSnapshot: no debugger version
    t =    42.56s     Launch pl.jakubbatycki.MojeZegarki
    t =    42.82s         Setting up automation session
    t =    43.27s         Wait for pl.jakubbatycki.MojeZegarki to idle
    t =    44.38s Waiting 15.0s for "collection.add" Button to exist
    t =    45.41s     Checking `Expect predicate `existsNoRetry == 1` for object "collection.add" Button`
    t =    45.42s         Checking existence of `"collection.add" Button`
    t =    45.54s Tap "Noszenie" Button
    t =    45.54s     Wait for pl.jakubbatycki.MojeZegarki to idle
    t =    45.55s     Find the "Noszenie" Button
    t =    45.64s     Check for interrupting elements affecting "Noszenie" Button
    t =    45.70s     Synthesize event
    t =    46.00s     Wait for pl.jakubbatycki.MojeZegarki to idle
    t =    46.01s Waiting 5.0s for "wear.filter" Button to exist
    t =    47.04s     Checking `Expect predicate `existsNoRetry == 1` for object "wear.filter" Button`
    t =    47.04s         Checking existence of `"wear.filter" Button`
    t =    47.20s Find the "wear.add" Button
    t =    47.32s Find the Target Application 'pl.jakubbatycki.MojeZegarki'
    t =    47.44s Added attachment named 'history-pl-darkfalse-largetrue'
    t =    47.44s Tap "wear.add" Button
    t =    47.44s     Wait for pl.jakubbatycki.MojeZegarki to idle
    t =    47.45s     Find the "wear.add" Button
    t =    47.59s     Check for interrupting elements affecting "wear.add" Button
    t =    47.66s     Synthesize event
    t =    47.96s     Wait for pl.jakubbatycki.MojeZegarki to idle
    t =    48.44s Waiting 5.0s for "wear.save" Button to exist
    t =    49.48s     Checking `Expect predicate `existsNoRetry == 1` for object "wear.save" Button`
    t =    49.48s         Checking existence of `"wear.save" Button`
    t =    49.64s Find the "wear.save" Button
    t =    49.76s Find the Target Application 'pl.jakubbatycki.MojeZegarki'
    t =    49.89s Added attachment named 'editor-pl-darkfalse-largetrue'
    t =    49.89s Terminate pl.jakubbatycki.MojeZegarki:50015
    t =    50.96s Open pl.jakubbatycki.MojeZegarki
    t =    50.96s     Launch pl.jakubbatycki.MojeZegarki
2026-10-03 12:00:14.709 xcodebuild[48377:832872] [MT] IDELaunchParametersSnapshot: debugger version lookup failed for path '<nil>': noURL
2026-10-03 12:00:14.709 xcodebuild[48377:832872] [MT] IDELaunchParametersSnapshot: no debugger version
    t =    51.36s         Setting up automation session
    t =    52.00s         Wait for pl.jakubbatycki.MojeZegarki to idle
    t =    53.13s Waiting 15.0s for "collection.add" Button to exist
    t =    54.16s     Checking `Expect predicate `existsNoRetry == 1` for object "collection.add" Button`
    t =    54.16s         Checking existence of `"collection.add" Button`
    t =    54.31s Tap "Noszenie" Button
    t =    54.31s     Wait for pl.jakubbatycki.MojeZegarki to idle
    t =    54.32s     Find the "Noszenie" Button
    t =    54.35s     Check for interrupting elements affecting "Noszenie" Button
    t =    54.40s     Synthesize event
    t =    54.70s     Wait for pl.jakubbatycki.MojeZegarki to idle
    t =    54.70s Waiting 5.0s for "wear.filter" Button to exist
    t =    55.74s     Checking `Expect predicate `existsNoRetry == 1` for object "wear.filter" Button`
    t =    55.75s         Checking existence of `"wear.filter" Button`
    t =    55.83s Find the "wear.add" Button
    t =    55.87s Find the Target Application 'pl.jakubbatycki.MojeZegarki'
    t =    55.95s Added attachment named 'history-pl-darktrue-largefalse'
    t =    55.95s Tap "wear.add" Button
    t =    55.95s     Wait for pl.jakubbatycki.MojeZegarki to idle
    t =    55.95s     Find the "wear.add" Button
    t =    55.99s     Check for interrupting elements affecting "wear.add" Button
    t =    56.02s     Synthesize event
    t =    56.32s     Wait for pl.jakubbatycki.MojeZegarki to idle
    t =    56.81s Waiting 5.0s for "wear.save" Button to exist
    t =    57.84s     Checking `Expect predicate `existsNoRetry == 1` for object "wear.save" Button`
    t =    57.84s         Checking existence of `"wear.save" Button`
    t =    57.93s Find the "wear.save" Button
    t =    58.17s Find the Target Application 'pl.jakubbatycki.MojeZegarki'
    t =    58.30s Added attachment named 'editor-pl-darktrue-largefalse'
    t =    58.30s Terminate pl.jakubbatycki.MojeZegarki:50291
    t =    59.38s Open pl.jakubbatycki.MojeZegarki
    t =    59.39s     Launch pl.jakubbatycki.MojeZegarki
2026-10-03 12:00:23.084 xcodebuild[48377:832872] [MT] IDELaunchParametersSnapshot: debugger version lookup failed for path '<nil>': noURL
2026-10-03 12:00:23.085 xcodebuild[48377:832872] [MT] IDELaunchParametersSnapshot: no debugger version
    t =    59.60s         Setting up automation session
    t =    59.98s         Wait for pl.jakubbatycki.MojeZegarki to idle
    t =    61.10s Waiting 15.0s for "collection.add" Button to exist
    t =    62.11s     Checking `Expect predicate `existsNoRetry == 1` for object "collection.add" Button`
    t =    62.12s         Checking existence of `"collection.add" Button`
    t =    62.20s Tap "Noszenie" Button
    t =    62.20s     Wait for pl.jakubbatycki.MojeZegarki to idle
    t =    62.20s     Find the "Noszenie" Button
    t =    62.25s     Check for interrupting elements affecting "Noszenie" Button
    t =    62.27s     Synthesize event
    t =    62.56s     Wait for pl.jakubbatycki.MojeZegarki to idle
    t =    62.57s Waiting 5.0s for "wear.filter" Button to exist
    t =    63.60s     Checking `Expect predicate `existsNoRetry == 1` for object "wear.filter" Button`
    t =    63.60s         Checking existence of `"wear.filter" Button`
    t =    63.65s Find the "wear.add" Button
    t =    63.68s Find the Target Application 'pl.jakubbatycki.MojeZegarki'
    t =    63.74s Added attachment named 'history-pl-darktrue-largetrue'
    t =    63.74s Tap "wear.add" Button
    t =    63.74s     Wait for pl.jakubbatycki.MojeZegarki to idle
    t =    63.74s     Find the "wear.add" Button
    t =    63.77s     Check for interrupting elements affecting "wear.add" Button
    t =    63.79s     Synthesize event
    t =    64.08s     Wait for pl.jakubbatycki.MojeZegarki to idle
    t =    64.56s Waiting 5.0s for "wear.save" Button to exist
    t =    65.59s     Checking `Expect predicate `existsNoRetry == 1` for object "wear.save" Button`
    t =    65.59s         Checking existence of `"wear.save" Button`
    t =    65.66s Find the "wear.save" Button
    t =    65.70s Find the Target Application 'pl.jakubbatycki.MojeZegarki'
    t =    65.78s Added attachment named 'editor-pl-darktrue-largetrue'
    t =    65.78s Terminate pl.jakubbatycki.MojeZegarki:50354
    t =    66.84s Tear Down
Test Case '-[MojeZegarkiUITests.FreeModuleUITests testCalendarAppearanceAndLocalizationMatrix]' passed (66.914 seconds).
Test Case '-[MojeZegarkiUITests.FreeModuleUITests testCalendarShowsSavedDaysAndCountsOnlyNewSelection]' started.
    t =     0.00s Start Test at 2026-10-03 12:00:30.610
    t =     0.03s Set Up
    t =     0.03s Open pl.jakubbatycki.MojeZegarki
    t =     0.03s     Launch pl.jakubbatycki.MojeZegarki
2026-10-03 12:00:30.645 xcodebuild[48377:832872] [MT] IDELaunchParametersSnapshot: debugger version lookup failed for path '<nil>': noURL
2026-10-03 12:00:30.645 xcodebuild[48377:832872] [MT] IDELaunchParametersSnapshot: no debugger version
    t =     0.25s         Setting up automation session
    t =     0.54s         Wait for pl.jakubbatycki.MojeZegarki to idle
    t =     1.64s Waiting 15.0s for "Calendar watch" StaticText to exist
    t =     2.66s     Checking `Expect predicate `existsNoRetry == 1` for object "Calendar watch" StaticText`
    t =     2.66s         Checking existence of `"Calendar watch" StaticText`
    t =     2.75s Tap "Calendar watch" StaticText
    t =     2.75s     Wait for pl.jakubbatycki.MojeZegarki to idle
    t =     2.75s     Find the "Calendar watch" StaticText
    t =     2.78s     Check for interrupting elements affecting "Calendar watch" StaticText
    t =     2.80s     Synthesize event
    t =     3.10s     Wait for pl.jakubbatycki.MojeZegarki to idle
    t =     3.57s Tap "detail.wear" Button
    t =     3.57s     Wait for pl.jakubbatycki.MojeZegarki to idle
    t =     3.57s     Find the "detail.wear" Button
    t =     3.62s     Check for interrupting elements affecting "detail.wear" Button
    t =     3.64s     Synthesize event
    t =     3.94s     Wait for pl.jakubbatycki.MojeZegarki to idle
    t =     3.96s Tap "wear.add" Button
    t =     3.96s     Wait for pl.jakubbatycki.MojeZegarki to idle
    t =     4.46s     Find the "wear.add" Button
    t =     4.54s     Check for interrupting elements affecting "wear.add" Button
    t =     4.59s     Synthesize event
    t =     4.88s     Wait for pl.jakubbatycki.MojeZegarki to idle
    t =     5.35s Waiting 5.0s for "wear.save" Button to exist
    t =     6.38s     Checking `Expect predicate `existsNoRetry == 1` for object "wear.save" Button`
    t =     6.38s         Checking existence of `"wear.save" Button`
    t =     6.48s Find the "wear.save" Button
    t =     6.55s Find the "wear.selection.day.2026-10-03" Button
    t =     6.61s Find the "wear.selection.day.2026-10-03" Button
    t =     6.67s Tap "wear.selection.day.2026-10-02" Button
    t =     6.67s     Wait for pl.jakubbatycki.MojeZegarki to idle
    t =     6.67s     Find the "wear.selection.day.2026-10-02" Button
    t =     6.74s     Check for interrupting elements affecting "wear.selection.day.2026-10-02" Button
    t =     6.79s     Synthesize event
    t =     7.09s     Wait for pl.jakubbatycki.MojeZegarki to idle
    t =     7.09s Find the "wear.save" Button
    t =     7.16s Find the "wear.selectionCount" StaticText
    t =     7.23s Tap "wear.selection.day.2026-10-02" Button
    t =     7.23s     Wait for pl.jakubbatycki.MojeZegarki to idle
    t =     7.23s     Find the "wear.selection.day.2026-10-02" Button
    t =     7.31s     Check for interrupting elements affecting "wear.selection.day.2026-10-02" Button
    t =     7.36s     Synthesize event
    t =     7.71s     Wait for pl.jakubbatycki.MojeZegarki to idle
    t =     7.71s Find the "wear.save" Button
    t =     7.78s Tap "wear.selection.day.2026-10-02" Button
    t =     7.78s     Wait for pl.jakubbatycki.MojeZegarki to idle
    t =     7.78s     Find the "wear.selection.day.2026-10-02" Button
    t =     7.87s     Check for interrupting elements affecting "wear.selection.day.2026-10-02" Button
    t =     7.94s     Synthesize event
    t =     8.24s     Wait for pl.jakubbatycki.MojeZegarki to idle
    t =     8.25s Tap "wear.save" Button
    t =     8.25s     Wait for pl.jakubbatycki.MojeZegarki to idle
    t =     8.25s     Find the "wear.save" Button
    t =     8.33s     Check for interrupting elements affecting "wear.save" Button
    t =     8.39s     Synthesize event
    t =     8.69s     Wait for pl.jakubbatycki.MojeZegarki to idle
    t =     9.14s Waiting 5.0s for "Wear history updated" Alert to exist
    t =    10.18s     Checking `Expect predicate `existsNoRetry == 1` for object "Wear history updated" Alert`
    t =    10.18s         Checking existence of `"Wear history updated" Alert`
    t =    10.24s Tap "OK" Button
    t =    10.24s     Wait for pl.jakubbatycki.MojeZegarki to idle
    t =    10.24s     Find the "OK" Button
    t =    10.29s     Check for interrupting elements affecting "OK" Button
    t =    10.35s     Synthesize event
    t =    10.64s     Wait for pl.jakubbatycki.MojeZegarki to idle
    t =    10.87s Tap "wear.add" Button
    t =    10.87s     Wait for pl.jakubbatycki.MojeZegarki to idle
    t =    10.88s     Find the "wear.add" Button
    t =    11.07s     Check for interrupting elements affecting "wear.add" Button
    t =    11.15s     Synthesize event
    t =    11.45s     Wait for pl.jakubbatycki.MojeZegarki to idle
    t =    11.89s Find the "wear.selection.day.2026-10-02" Button
    t =    11.99s Find the "wear.save" Button
    t =    12.05s Tear Down
Test Case '-[MojeZegarkiUITests.FreeModuleUITests testCalendarShowsSavedDaysAndCountsOnlyNewSelection]' passed (12.303 seconds).
Test Suite 'FreeModuleUITests' passed at 2026-10-03 12:00:42.914.
	 Executed 2 tests, with 0 failures (0 unexpected) in 79.217 (79.221) seconds
Test Suite 'MojeZegarkiUITests.xctest' passed at 2026-10-03 12:00:42.915.
	 Executed 2 tests, with 0 failures (0 unexpected) in 79.217 (79.222) seconds
Test Suite 'Selected tests' passed at 2026-10-03 12:00:42.916.
	 Executed 2 tests, with 0 failures (0 unexpected) in 79.217 (79.224) seconds
2026-10-03 12:00:43.263 xcodebuild[48377:832872] [MT] IDETestOperationsObserverDebug: 83.633 elapsed -- Testing started completed.
2026-10-03 12:00:43.263 xcodebuild[48377:832872] [MT] IDETestOperationsObserverDebug: 0.000 sec, +0.000 sec -- start
2026-10-03 12:00:43.263 xcodebuild[48377:832872] [MT] IDETestOperationsObserverDebug: 83.633 sec, +83.633 sec -- end

Test session results, code coverage, and logs:
	/Users/jakubbatycki/KOD/MojeZegarki/.build/final-calendar-12.xcresult

** TEST EXECUTE SUCCEEDED **

Testing started
